--- Starting Rate Limit Test ---
Hit 1: success=true, remaining=5
Hit 2: success=true, remaining=4
Hit 3: success=true, remaining=3
Hit 4: success=true, remaining=2
Hit 5: success=true, remaining=1
Hit 6: success=true, remaining=0
Hit 7: success=false, remaining=0
Hit 8: success=false, remaining=0
Hit 9: success=false, remaining=0
Hit 10: success=false, remaining=0
--- Test Completed ---
